// Jest Snapshot v1, https://goo.gl/fbAQLP

exports[`ContextMenuTrigger Test Suite Renders correctly with children 1`] = `
<div>
  <div>
    <h1>
      Test
    </h1>
  </div>
</div>
`;
